// Jest Snapshot v1, https://goo.gl/fbAQLP

exports[`renders the button component successfully 1`] = `
<button
  className="button"
  onClick={
    [MockFunction] {
      "calls": Array [
        Array [],
      ],
      "results": Array [
        Object {
          "type": "return",
          "value": undefined,
        },
      ],
    }
  }
>
  button
</button>
`;
